<html>
<body>
<pre>
<h1>µVision Build Log</h1>
<h2>Project:</h2>
E:\_experiments\_stm32\Jinxd\J_WaterfallLight\MDK-ARM\J_WaterfallLight.uvprojx
Project File Date:  07/02/2023

<h2>Output:</h2>
Rebuild target 'J_WaterfallLight'
assembling startup_stm32f103xb.s...
compiling stm32f1xx_it.c...
compiling stm32f1xx_hal_msp.c...
compiling main_04.c...
compiling stm32f1xx_hal_gpio_ex.c...
compiling stm32f1xx_hal_tim.c...
compiling stm32f1xx_hal_tim_ex.c...
compiling stm32f1xx_hal.c...
compiling stm32f1xx_hal_rcc.c...
compiling stm32f1xx_hal_rcc_ex.c...
compiling stm32f1xx_hal_gpio.c...
compiling stm32f1xx_hal_dma.c...
compiling stm32f1xx_hal_cortex.c...
compiling stm32f1xx_hal_pwr.c...
compiling stm32f1xx_hal_flash.c...
compiling stm32f1xx_hal_flash_ex.c...
compiling stm32f1xx_hal_exti.c...
compiling system_stm32f1xx.c...
linking...
Program Size: Code=5172 RO-data=304 RW-data=64 ZI-data=1776  
FromELF: creating hex file...
"J_WaterfallLight\J_WaterfallLight.axf" - 0 Error(s), 0 Warning(s).

<h2>Software Packages used:</h2>

Package Vendor: ARM
                http://www.keil.com/pack/ARM.CMSIS.3.20.4.pack
                ARM::CMSIS:CORE:3.20.0
                Cortex Microcontroller Software Interface Standard (CMSIS) CORE, DSP, RTOS, Driver
   * Component: CORE Version: 3.20.0

<h2>Collection of Component include folders:</h2>
  E:\_experiments\_stm32\Jinxd\J_WaterfallLight\MDK-ARM\RTE
  C:\Keil_v5\ARM\PACK\ARM\CMSIS\3.20.4\CMSIS\Include
  C:\Keil_v5\ARM\PACK\Keil\STM32F1xx_DFP\1.0.4\Device\Include

<h2>Collection of Component Files used:</h2>

   * Component: ARM::CMSIS:CORE:3.20.0
Load "J_WaterfallLight\\J_WaterfallLight.axf" 
Erase Done.
Programming Done.
Verify OK.
Application running ...
</pre>
</body>
</html>

Load "J_WaterfallLight\\J_WaterfallLight.axf" 
Erase Done.
Programming Done.
Verify OK.
Application running ...

    }
../Core/Src/main.c(336): error:  #169: expected a declaration
    if (HAL_TIM_ConfigClockSource(&htim1, &sClockSourceConfig) != HAL_OK)
../Core/Src/main.c(340): warning:  #12-D: parsing restarts here after previous syntax error
    sMasterConfig.MasterOutputTrigger = TIM_TRGO_RESET;
../Core/Src/main.c(341): error:  #77-D: this declaration has no storage class or type specifier
    sMasterConfig.MasterSlaveMode = TIM_MASTERSLAVEMODE_DISABLE;
../Core/Src/main.c(341): error:  #65: expected a ";"
    sMasterConfig.MasterSlaveMode = TIM_MASTERSLAVEMODE_DISABLE;
../Core/Src/main.c(342): error:  #169: expected a declaration
    if (HAL_TIMEx_MasterConfigSynchronization(&htim1, &sMasterConfig) != HAL_OK)
../Core/Src/main.c(380): warning:  #12-D: parsing restarts here after previous syntax error
    sClockSourceConfig.ClockSource = TIM_CLOCKSOURCE_INTERNAL;
../Core/Src/main.c(381): error:  #169: expected a declaration
    if (HAL_TIM_ConfigClockSource(&htim2, &sClockSourceConfig) != HAL_OK)
../Core/Src/main.c(385): warning:  #12-D: parsing restarts here after previous syntax error
    sMasterConfig.MasterOutputTrigger = TIM_TRGO_RESET;
../Core/Src/main.c(386): error:  #77-D: this declaration has no storage class or type specifier
    sMasterConfig.MasterSlaveMode = TIM_MASTERSLAVEMODE_DISABLE;
../Core/Src/main.c(386): error:  #65: expected a ";"
    sMasterConfig.MasterSlaveMode = TIM_MASTERSLAVEMODE_DISABLE;
../Core/Src/main.c(387): error:  #169: expected a declaration
    if (HAL_TIMEx_MasterConfigSynchronization(&htim2, &sMasterConfig) != HAL_OK)
../Core/Src/main.c(425): warning:  #12-D: parsing restarts here after previous syntax error
    HAL_GPIO_WritePin(BELL_GPIO_Port, BELL_Pin, GPIO_PIN_SET);
../Core/Src/main.c(430): error:  #77-D: this declaration has no storage class or type specifier
    GPIO_InitStruct.Pin = LED0_Pin|LED1_Pin|LED2_Pin|LED3_Pin
../Core/Src/main.c(430): error:  #65: expected a ";"
    GPIO_InitStruct.Pin = LED0_Pin|LED1_Pin|LED2_Pin|LED3_Pin
../Core/Src/main.c(433): error:  #77-D: this declaration has no storage class or type specifier
    GPIO_InitStruct.Mode = GPIO_MODE_OUTPUT_PP;
../Core/Src/main.c(433): error:  #65: expected a ";"
    GPIO_InitStruct.Mode = GPIO_MODE_OUTPUT_PP;
../Core/Src/main.c(434): error:  #77-D: this declaration has no storage class or type specifier
    GPIO_InitStruct.Pull = GPIO_NOPULL;
../Core/Src/main.c(434): error:  #65: expected a ";"
    GPIO_InitStruct.Pull = GPIO_NOPULL;
../Core/Src/main.c(435): error:  #77-D: this declaration has no storage class or type specifier
    GPIO_InitStruct.Speed = GPIO_SPEED_FREQ_LOW;
../Core/Src/main.c(435): error:  #65: expected a ";"
    GPIO_InitStruct.Speed = GPIO_SPEED_FREQ_LOW;
../Core/Src/main.c(436): error:  #79: expected a type specifier
    HAL_GPIO_Init(GPIOC, &GPIO_InitStruct);
../Core/Src/main.c(436): error:  #79: expected a type specifier
    HAL_GPIO_Init(GPIOC, &GPIO_InitStruct);
../Core/Src/main.c(436): error:  #260-D: explicit type is missing ("int" assumed)
    HAL_GPIO_Init(GPIOC, &GPIO_InitStruct);
../Core/Src/main.c: 6 warnings, 30 errors
compiling stm32f1xx_it.c...
compiling stm32f1xx_hal_msp.c...
compiling stm32f1xx_hal_gpio_ex.c...
compiling stm32f1xx_hal_tim.c...
compiling stm32f1xx_hal_tim_ex.c...
compiling stm32f1xx_hal.c...
compiling stm32f1xx_hal_rcc.c...
compiling stm32f1xx_hal_rcc_ex.c...
compiling stm32f1xx_hal_gpio.c...
compiling stm32f1xx_hal_dma.c...
compiling stm32f1xx_hal_cortex.c...
compiling stm32f1xx_hal_pwr.c...
compiling stm32f1xx_hal_flash.c...
compiling stm32f1xx_hal_flash_ex.c...
compiling stm32f1xx_hal_exti.c...
compiling system_stm32f1xx.c...
"J_WaterfallLight\J_WaterfallLight.axf" - 30 Error(s), 6 Warning(s).

<h2>Software Packages used:</h2>

Package Vendor: ARM
                http://www.keil.com/pack/ARM.CMSIS.3.20.4.pack
                ARM::CMSIS:CORE:3.20.0
                Cortex Microcontroller Software Interface Standard (CMSIS) CORE, DSP, RTOS, Driver
   * Component: CORE Version: 3.20.0

<h2>Collection of Component include folders:</h2>
  E:\_experiments\_stm32\Jinxd\J_WaterfallLight\MDK-ARM\RTE
  C:\Keil_v5\ARM\PACK\ARM\CMSIS\3.20.4\CMSIS\Include
  C:\Keil_v5\ARM\PACK\Keil\STM32F1xx_DFP\1.0.4\Device\Include

<h2>Collection of Component Files used:</h2>

   * Component: ARM::CMSIS:CORE:3.20.0
Target not created
